###############################################################################
#
# IAR ELF Linker V9.20.4.327/W64 for ARM                  04/May/2022  07:31:06
# Copyright 2007-2022 IAR Systems AB.
#
#    Output file  =  C:\Eliasson\Debug\Exe\PATest.out_nochecksum
#    Map file     =  C:\Eliasson\Debug\List\PATest.map
#    Command line =
#        -f C:\Eliasson\Debug\Exe\PATest.out_nochecksum.rsp
#        (C:\Eliasson\Debug\Obj\adc.o
#        C:\Eliasson\Debug\Obj\supportFiles\board\board.o
#        C:\Eliasson\Debug\Obj\supportFiles\board\board_sysinit.o
#        C:\Eliasson\Debug\Obj\supportFiles\chip\chip_18xx_43xx.o
#        C:\Eliasson\Debug\Obj\supportFiles\chip\clock_18xx_43xx.o
#        C:\Eliasson\Debug\Obj\supportFiles\chip\fpu_init.o
#        C:\Eliasson\Debug\Obj\supportFiles\chip\gpdma_18xx_43xx.o
#        C:\Eliasson\Debug\Obj\gpio.o
#        C:\Eliasson\Debug\Obj\supportFiles\chip\gpio_18xx_43xx.o
#        C:\Eliasson\Debug\Obj\supportFiles\chip\hsadc_18xx_43xx.o
#        C:\Eliasson\Debug\Obj\supportFiles\iar_startup_lpc18xx43xx.o
#        C:\Eliasson\Debug\Obj\main.o
#        C:\Eliasson\Debug\Obj\supportFiles\sysinit.o
#        C:\Eliasson\Debug\Obj\supportFiles\chip\sysinit_18xx_43xx.o
#        C:\Eliasson\Debug\Obj\timer.o
#        C:\Eliasson\Debug\Obj\supportFiles\chip\timer_18xx_43xx.o
#        C:\Eliasson\Debug\Obj\uart.o
#        C:\Eliasson\Debug\Obj\supportFiles\chip\uart_18xx_43xx.o
#        --no_out_extension -o C:\Eliasson\Debug\Exe\PATest.out_nochecksum
#        --redirect _Printf=_PrintfFullNoMb --redirect _Scanf=_ScanfFullNoMb
#        --map C:\Eliasson\Debug\List\PATest.map --config
#        C:\Eliasson\lpc18xx_43xx_ldscript_spifi.icf --semihosting --entry
#        __iar_program_start --redirect __write=__write_buffered --vfe
#        --text_out locale)
#
###############################################################################

*******************************************************************************
*** RUNTIME MODEL ATTRIBUTES
***

CppFlavor       = *
__CPP_Runtime   = 1
__SystemLibrary = DLib
__dlib_version  = 6


*******************************************************************************
*** HEAP SELECTION
***

The basic heap was selected because no calls to memory allocation
functions were found in the application outside of system library
functions, and there are calls to deallocation functions in the
application.


*******************************************************************************
*** PLACEMENT SUMMARY
***

"A0":  place at address 0x1400'0000 { section .intvec };
"P1":  place in [from 0x1400'0140 to 0x140f'ffff] { ro };
define block CSTACK with size = 16K, alignment = 8 { };
define block HEAP with size = 8K, alignment = 8 { };
"P2":  place in [from         0x1000'0000
                 to           0x1000'7fff
                 repeat       2
                 displacement 0x80000] { rw, block CSTACK, block HEAP };
initialize by copy { rw };

  Section            Kind         Address    Size  Object
  -------            ----         -------    ----  ------
"P2", part 1 of 3:                            0x8
  P2 s0                       0x1000'0000     0x8  <Init block>
    .data            inited   0x1000'0000     0x8  XShttio.o [5]
                            - 0x1000'0008     0x8

"P2", part 2 of 3:                         0x17e0
  .bss               zero     0x1000'0008  0x1770  adc.o [1]
  .bss               zero     0x1000'1778    0x54  xxwritebuffered.o [5]
  .bss               zero     0x1000'17cc     0x8  clock_18xx_43xx.o [4]
  .bss               zero     0x1000'17d4     0x8  gpdma_18xx_43xx.o [4]
  .bss               zero     0x1000'17dc     0x4  chip_18xx_43xx.o [4]
  .bss               zero     0x1000'17e0     0x4  xfail_s.o [5]
  .bss               zero     0x1000'17e4     0x1  timer.o [1]
                            - 0x1000'17e5  0x17dd

"P2", part 3 of 3:                         0x4000
  CSTACK                      0x1000'17e8  0x4000  <Block>
    CSTACK           uninit   0x1000'17e8  0x4000  <Block tail>
                            - 0x1000'57e8  0x4000

"A0":                                       0x114
  .intvec            ro code  0x1400'0000   0x114  iar_startup_lpc18xx43xx.o [2]
                            - 0x1400'0114   0x114

"P1":                                      0x3428
  .text              ro code  0x1400'0140   0xf12  xprintffull_nomb.o [5]
  .text              ro code  0x1400'1052    0x2a  copy_init3.o [7]
  .text              ro code  0x1400'107c    0x16  strchr.o [7]
  .text              ro code  0x1400'1094    0x40  xfail_s.o [5]
  .text              ro code  0x1400'10d4    0x36  strlen.o [7]
  .text              ro code  0x1400'110c    0x58  memchr.o [7]
  .text              ro code  0x1400'1164    0xa6  ABImemcpy.o [7]
  .text              ro code  0x1400'120c    0x70  frexp.o [6]
  .text              ro code  0x1400'127c    0x34  DblCmpLe.o [6]
  .text              ro code  0x1400'12b0    0x34  DblCmpGe.o [6]
  .text              ro code  0x1400'12e4   0x13a  ldexp.o [6]
  .text              ro code  0x1400'1420    0x36  DblToS32.o [6]
  .text              ro code  0x1400'1458    0x22  S32ToDbl.o [6]
  .text              ro code  0x1400'147c   0x24e  DblAddSub.o [6]
  .text              ro code  0x1400'16cc   0x246  DblDiv.o [6]
  .text              ro code  0x1400'1914    0x22  DblToU32.o [6]
  .text              ro code  0x1400'1938    0x1c  U32ToDbl.o [6]
  .text              ro code  0x1400'1954   0x1aa  DblMul.o [6]
  .text              ro code  0x1400'1b00   0x230  I64DivMod.o [7]
  .text              ro code  0x1400'1d30     0x6  abort.o [5]
  .text              ro code  0x1400'1d38     0x2  I64DivZer.o [7]
  .text              ro code  0x1400'1d3c    0x14  exit.o [8]
  .text              ro code  0x1400'1d50    0x7c  iarttio.o [8]
  .text              ro code  0x1400'1dcc     0x8  XShttio.o [5]
  .text              ro code  0x1400'1dd4   0x7b8  clock_18xx_43xx.o [4]
  .text              ro code  0x1400'258c    0x14  memset.o [7]
  .text              ro code  0x1400'25a0    0x66  ABImemset.o [7]
  .text              ro code  0x1400'2608   0x17c  adc.o [1]
  .text              ro code  0x1400'2784    0x7c  chip_18xx_43xx.o [4]
  .text              ro code  0x1400'2800    0x3c  hsadc_18xx_43xx.o [4]
  .text              ro code  0x1400'283c    0x54  gpdma_18xx_43xx.o [4]
  .text              ro code  0x1400'2890   0x17c  board.o [3]
  .text              ro code  0x1400'2a0c   0x134  uart_18xx_43xx.o [4]
  .text              ro code  0x1400'2b40     0x2  gpio_18xx_43xx.o [4]
  .text              ro code  0x1400'2b44   0x16c  gpio.o [1]
  .text              ro code  0x1400'2cb0   0x150  sysinit_18xx_43xx.o [4]
  .text              ro code  0x1400'2e00   0x138  timer.o [1]
  .text              ro code  0x1400'2f38    0x5e  timer_18xx_43xx.o [4]
  .text              ro code  0x1400'2f98   0x100  board_sysinit.o [3]
  .text              ro code  0x1400'3098    0xc4  xxwritebuffered.o [5]
  .text              ro code  0x1400'315c    0x1e  dwrite.o [8]
  .text              ro code  0x1400'317a    0x20  iarwstd.o [8]
  .text              ro code  0x1400'319a    0x22  iarwrite.o [8]
  .text              ro code  0x1400'31bc    0x7c  main.o [1]
  .text              ro code  0x1400'3238    0x28  printf.o [5]
  .rodata            const    0x1400'3260    0x6c  clock_18xx_43xx.o [4]
  .text              ro code  0x1400'32cc    0x58  fpu_init.o [4]
  .rodata            const    0x1400'3324    0x48  sysinit_18xx_43xx.o [4]
  .text              ro code  0x1400'336c    0x38  zero_init3.o [7]
  .text              ro code  0x1400'33a4    0x28  data_init.o [7]
  .text              ro code  0x1400'33cc    0x22  iar_startup_lpc18xx43xx.o [2]
  .text              ro code  0x1400'33f0    0x22  fpinit_M.o [6]
  .iar.init_table    const    0x1400'3414    0x24  - Linker created -
  .text              ro code  0x1400'3438    0x20  putchar.o [5]
  .text              ro code  0x1400'3458    0x1e  cmain.o [7]
  .text              ro code  0x1400'3476     0x4  low_level_init.o [5]
  .text              ro code  0x1400'347a     0x4  exit.o [5]
  .text              ro code  0x1400'3480     0xe  cexit.o [7]
  .text              ro code  0x1400'348e     0xc  xcloseall.o [5]
  .text              ro code  0x1400'349c    0x1c  sysinit.o [2]
  .text              ro code  0x1400'34b8    0x1c  cstartup_M.o [7]
  .rodata            const    0x1400'34d4    0x18  board_sysinit.o [3]
  .text              ro code  0x1400'34ec    0x16  xprout.o [5]
  .rodata            const    0x1400'3504    0x14  chip_18xx_43xx.o [4]
  .rodata            const    0x1400'3518    0x10  board_sysinit.o [3]
  .text              ro code  0x1400'3528    0x10  iar_startup_lpc18xx43xx.o [2]
  .rodata            const    0x1400'3538     0x8  clock_18xx_43xx.o [4]
  .rodata            const    0x1400'3540     0x8  uart_18xx_43xx.o [4]
  .rodata            const    0x1400'3548     0x8  uart_18xx_43xx.o [4]
  .rodata            const    0x1400'3550     0x4  board.o [3]
  .rodata            const    0x1400'3554     0x4  board.o [3]
  .rodata            const    0x1400'3558     0x4  board_sysinit.o [3]
  .rodata            const    0x1400'355c     0x4  clock_18xx_43xx.o [4]
  .text              ro code  0x1400'3560     0x0  cstart_closeall.o [7]
  .rodata            const    0x1400'3560     0x0  zero_init3.o [7]
  .rodata            const    0x1400'3560     0x0  copy_init3.o [7]
  Initializer bytes  const    0x1400'3560     0x8  <for P2 s0>
                            - 0x1400'3568  0x3428

Unused ranges:

         From           To      Size
         ----           --      ----
  0x1000'57e8  0x1000'7fff    0x2818
  0x1008'0000  0x1008'7fff    0x8000
  0x1400'3568  0x140f'ffff  0xf'ca98


*******************************************************************************
*** INIT TABLE
***

          Address      Size
          -------      ----
Zero (__iar_zero_init3)
    1 destination range, total size 0x17dd:
          0x1000'0008  0x17dd

Copy (__iar_copy_init3)
    1 source range, total size 0x8:
          0x1400'3560     0x8
    1 destination range, total size 0x8:
          0x1000'0000     0x8



*******************************************************************************
*** MODULE SUMMARY
***

    Module                     ro code  ro data  rw data
    ------                     -------  -------  -------
command line/config:
    ----------------------------------------------------
    Total:

C:\Eliasson\Debug\Obj: [1]
    adc.o                          380             6'000
    gpio.o                         364
    main.o                         124
    timer.o                        312                 1
    ----------------------------------------------------
    Total:                       1'180             6'001

C:\Eliasson\Debug\Obj\supportFiles: [2]
    iar_startup_lpc18xx43xx.o      326
    sysinit.o                       28
    ----------------------------------------------------
    Total:                         354

C:\Eliasson\Debug\Obj\supportFiles\board: [3]
    board.o                        380        8
    board_sysinit.o                256       44
    ----------------------------------------------------
    Total:                         636       52

C:\Eliasson\Debug\Obj\supportFiles\chip: [4]
    chip_18xx_43xx.o               124       20        4
    clock_18xx_43xx.o            1'976      120        8
    fpu_init.o                      88
    gpdma_18xx_43xx.o               84                 8
    gpio_18xx_43xx.o                 2
    hsadc_18xx_43xx.o               60
    sysinit_18xx_43xx.o            336       72
    timer_18xx_43xx.o               94
    uart_18xx_43xx.o               308       16
    ----------------------------------------------------
    Total:                       3'072      228       20

dl7M_tln.a: [5]
    XShttio.o                        8        8        8
    abort.o                          6
    exit.o                           4
    low_level_init.o                 4
    printf.o                        40
    putchar.o                       32
    xcloseall.o                     12
    xfail_s.o                       64                 4
    xprintffull_nomb.o           3'858
    xprout.o                        22
    xxwritebuffered.o              196                84
    ----------------------------------------------------
    Total:                       4'246        8       96

m7M_tls.a: [6]
    DblAddSub.o                    590
    DblCmpGe.o                      52
    DblCmpLe.o                      52
    DblDiv.o                       582
    DblMul.o                       426
    DblToS32.o                      54
    DblToU32.o                      34
    S32ToDbl.o                      34
    U32ToDbl.o                      28
    fpinit_M.o                      34
    frexp.o                        112
    ldexp.o                        314
    ----------------------------------------------------
    Total:                       2'312

rt7M_tl.a: [7]
    ABImemcpy.o                    166
    ABImemset.o                    102
    I64DivMod.o                    560
    I64DivZer.o                      2
    cexit.o                         14
    cmain.o                         30
    copy_init3.o                    42
    cstart_closeall.o
    cstartup_M.o                    28
    data_init.o                     40
    memchr.o                        88
    memset.o                        20
    strchr.o                        22
    strlen.o                        54
    zero_init3.o                    56
    ----------------------------------------------------
    Total:                       1'224

shb_l.a: [8]
    dwrite.o                        30
    exit.o                          20
    iarttio.o                      124
    iarwrite.o                      34
    iarwstd.o                       32
    ----------------------------------------------------
    Total:                         240

    Gaps                            36        4
    Linker created                           36   16'384
--------------------------------------------------------
    Grand Total:                13'300      328   22'501


*******************************************************************************
*** ENTRY LIST
***

Entry                       Address    Size  Type      Object
-----                       -------    ----  ----      ------
.iar.init_table$$Base   0x1400'3414           --   Gb  - Linker created -
.iar.init_table$$Limit  0x1400'3438           --   Gb  - Linker created -
?main                   0x1400'3459          Code  Gb  cmain.o [7]
ABS                     0x1400'1dd5     0xa  Code  Lc  clock_18xx_43xx.o [4]
Board_Debug_Init        0x1400'2939    0x2a  Code  Gb  board.o [3]
Board_Init              0x1400'29e7    0x12  Code  Gb  board.o [3]
Board_LED_Init          0x1400'2963    0x1c  Code  Lc  board.o [3]
Board_LED_Set           0x1400'297f    0x1e  Code  Gb  board.o [3]
Board_LED_Test          0x1400'299d    0x28  Code  Gb  board.o [3]
Board_LED_Toggle        0x1400'29c5    0x22  Code  Gb  board.o [3]
Board_SetupClocking     0x1400'2ff3    0x7c  Code  Gb  board_sysinit.o [3]
Board_SetupMuxing       0x1400'2fdf    0x14  Code  Gb  board_sysinit.o [3]
Board_SystemInit        0x1400'308d     0xc  Code  Gb  board_sysinit.o [3]
Board_UART_Init         0x1400'290b    0x2e  Code  Gb  board.o [3]
CSTACK$$Base            0x1000'17e8           --   Gb  - Linker created -
CSTACK$$Limit           0x1000'57e8           --   Gb  - Linker created -
ChannelHandlerArray     0x1000'17d4     0x8  Data  Lc  gpdma_18xx_43xx.o [4]
Chip_CREG_EnableUSB0Phy
                        0x1400'2785     0xc  Code  Lc  chip_18xx_43xx.o [4]
Chip_Clock_CalcMainPLLValue
                        0x1400'205f    0x8c  Code  Gb  clock_18xx_43xx.o [4]
Chip_Clock_DisableMainPLL
                        0x1400'2cb1     0xc  Code  Lc  sysinit_18xx_43xx.o [4]
Chip_Clock_Enable       0x1400'2407    0x46  Code  Gb  clock_18xx_43xx.o [4]
Chip_Clock_EnableBaseClock
                        0x1400'236f    0x20  Code  Gb  clock_18xx_43xx.o [4]
Chip_Clock_EnableCrystal
                        0x1400'201f    0x40  Code  Gb  clock_18xx_43xx.o [4]
Chip_Clock_EnableOpts   0x1400'23b9    0x4e  Code  Gb  clock_18xx_43xx.o [4]
Chip_Clock_EnablePLL    0x1400'24f9    0x1c  Code  Gb  clock_18xx_43xx.o [4]
Chip_Clock_FindBaseClock
                        0x1400'1fc3    0x5c  Code  Lc  clock_18xx_43xx.o [4]
Chip_Clock_GetBaseClock
                        0x1400'238f    0x2a  Code  Gb  clock_18xx_43xx.o [4]
Chip_Clock_GetBaseClocktHz
                        0x1400'22fd    0x14  Code  Gb  clock_18xx_43xx.o [4]
Chip_Clock_GetClockInputHz
                        0x1400'21f1   0x10c  Code  Gb  clock_18xx_43xx.o [4]
Chip_Clock_GetDivRate   0x1400'1f99    0x2a  Code  Lc  clock_18xx_43xx.o [4]
Chip_Clock_GetDividerDivisor
                        0x1400'21d3    0x1e  Code  Gb  clock_18xx_43xx.o [4]
Chip_Clock_GetDividerSource
                        0x1400'21b3    0x20  Code  Gb  clock_18xx_43xx.o [4]
Chip_Clock_GetMainPLLHz
                        0x1400'20eb    0x72  Code  Gb  clock_18xx_43xx.o [4]
Chip_Clock_GetPLLStatus
                        0x1400'2515     0xa  Code  Gb  clock_18xx_43xx.o [4]
Chip_Clock_GetRate      0x1400'244d    0x5e  Code  Gb  clock_18xx_43xx.o [4]
Chip_Clock_MainPLLLocked
                        0x1400'2ce1     0xa  Code  Lc  sysinit_18xx_43xx.o [4]
Chip_Clock_SetBaseClock
                        0x1400'2311    0x5e  Code  Gb  clock_18xx_43xx.o [4]
Chip_Clock_SetDivider   0x1400'215d    0x56  Code  Gb  clock_18xx_43xx.o [4]
Chip_Clock_SetupMainPLL
                        0x1400'2cbd    0x24  Code  Lc  sysinit_18xx_43xx.o [4]
Chip_Clock_SetupPLL     0x1400'24ab    0x4e  Code  Gb  clock_18xx_43xx.o [4]
Chip_GPDMA_Init         0x1400'283d    0x4e  Code  Gb  gpdma_18xx_43xx.o [4]
Chip_GPIO_GetPinState   0x1400'28c5    0x18  Code  Lc  board.o [3]
Chip_GPIO_GetPinState   0x1400'2bd5    0x18  Code  Lc  gpio.o [1]
Chip_GPIO_Init          0x1400'2b41     0x2  Code  Gb  gpio_18xx_43xx.o [4]
Chip_GPIO_SetPinDIRInput
                        0x1400'2bed    0x24  Code  Lc  gpio.o [1]
Chip_GPIO_SetPinDIROutput
                        0x1400'28dd    0x24  Code  Lc  board.o [3]
Chip_GPIO_SetPinState   0x1400'28b1    0x14  Code  Lc  board.o [3]
Chip_HSADC_FlushFIFO    0x1400'2609     0x6  Code  Lc  adc.o [1]
Chip_HSADC_Init         0x1400'2817    0x20  Code  Gb  hsadc_18xx_43xx.o [4]
Chip_HSADC_SWTrigger    0x1400'260f     0x6  Code  Lc  adc.o [1]
Chip_PININT_ClearIntStatus
                        0x1400'2c21     0x4  Code  Lc  gpio.o [1]
Chip_PININT_EnableIntHigh
                        0x1400'2c19     0x4  Code  Lc  gpio.o [1]
Chip_PININT_EnableIntLow
                        0x1400'2c1d     0x4  Code  Lc  gpio.o [1]
Chip_PININT_SetPinModeEdge
                        0x1400'2c11     0x8  Code  Lc  gpio.o [1]
Chip_RGU_InReset        0x1400'2e43    0x20  Code  Lc  timer.o [1]
Chip_RGU_TriggerReset   0x1400'2801    0x16  Code  Lc  hsadc_18xx_43xx.o [4]
Chip_RGU_TriggerReset   0x1400'2e2d    0x16  Code  Lc  timer.o [1]
Chip_SCU_GPIOIntPinSel  0x1400'2b91    0x44  Code  Lc  gpio.o [1]
Chip_SCU_PinMuxSet      0x1400'2891    0x20  Code  Lc  board.o [3]
Chip_SCU_PinMuxSet      0x1400'2f99    0x20  Code  Lc  board_sysinit.o [3]
Chip_SCU_PinMuxSet      0x1400'2b71    0x20  Code  Lc  gpio.o [1]
Chip_SCU_SetPinMuxing   0x1400'2fb9    0x26  Code  Lc  board_sysinit.o [3]
Chip_SetupCoreClock     0x1400'2ceb   0x104  Code  Gb  sysinit_18xx_43xx.o [4]
Chip_TIMER_ClearMatch   0x1400'2e63     0x8  Code  Lc  timer.o [1]
Chip_TIMER_Enable       0x1400'2e6b     0xa  Code  Lc  timer.o [1]
Chip_TIMER_GetClockIndex
                        0x1400'2f39    0x26  Code  Lc  timer_18xx_43xx.o [4]
Chip_TIMER_Init         0x1400'2f6d    0x12  Code  Gb  timer_18xx_43xx.o [4]
Chip_TIMER_MatchEnableInt
                        0x1400'2e81    0x16  Code  Lc  timer.o [1]
Chip_TIMER_Reset        0x1400'2f7f    0x18  Code  Gb  timer_18xx_43xx.o [4]
Chip_TIMER_ResetOnMatchEnable
                        0x1400'2e97    0x1c  Code  Lc  timer.o [1]
Chip_TIMER_SetMatch     0x1400'2e75     0xc  Code  Lc  timer.o [1]
Chip_UART_ConfigData    0x1400'2907     0x4  Code  Lc  board.o [3]
Chip_UART_ConfigData    0x1400'31c7     0x4  Code  Lc  main.o [1]
Chip_UART_ConfigData    0x1400'2a17     0x4  Code  Lc  uart_18xx_43xx.o [4]
Chip_UART_DisableDivisorAccess
                        0x1400'2a25     0xa  Code  Lc  uart_18xx_43xx.o [4]
Chip_UART_EnableDivisorAccess
                        0x1400'2a1b     0xa  Code  Lc  uart_18xx_43xx.o [4]
Chip_UART_GetIndex      0x1400'2a3d    0x3c  Code  Lc  uart_18xx_43xx.o [4]
Chip_UART_Init          0x1400'2a79    0x60  Code  Gb  uart_18xx_43xx.o [4]
Chip_UART_SetBaud       0x1400'2ad9    0x50  Code  Gb  uart_18xx_43xx.o [4]
Chip_UART_SetDivisorLatches
                        0x1400'2a2f     0xe  Code  Lc  uart_18xx_43xx.o [4]
Chip_UART_SetupFIFOS    0x1400'31c3     0x4  Code  Lc  main.o [1]
Chip_UART_SetupFIFOS    0x1400'2a13     0x4  Code  Lc  uart_18xx_43xx.o [4]
Chip_UART_TXDisable     0x1400'2a0d     0x6  Code  Lc  uart_18xx_43xx.o [4]
Chip_UART_TXEnable      0x1400'2901     0x6  Code  Lc  board.o [3]
Chip_UART_TXEnable      0x1400'31bd     0x6  Code  Lc  main.o [1]
Chip_USB0_Init          0x1400'27bb    0x2a  Code  Gb  chip_18xx_43xx.o [4]
Chip_USB_PllSetup       0x1400'2791    0x2a  Code  Lc  chip_18xx_43xx.o [4]
ExtRateIn               0x1400'3550     0x4  Data  Gb  board.o [3]
GPIO0_IRQHandler        0x1400'2c25    0x12  Code  Gb  gpio.o [1]
InitClkStates           0x1400'3518    0x10  Data  Lc  board_sysinit.o [3]
InitClkStates           0x1400'3324    0x48  Data  Lc  sysinit_18xx_43xx.o [4]
NVIC_ClearPendingIRQ    0x1400'2b5b    0x16  Code  Lc  gpio.o [1]
NVIC_ClearPendingIRQ    0x1400'2e17    0x16  Code  Lc  timer.o [1]
NVIC_EnableIRQ          0x1400'2b45    0x16  Code  Lc  gpio.o [1]
NVIC_EnableIRQ          0x1400'2e01    0x16  Code  Lc  timer.o [1]
OscRateIn               0x1400'3554     0x4  Data  Gb  board.o [3]
Region$$Table$$Base     0x1400'3414           --   Gb  - Linker created -
Region$$Table$$Limit    0x1400'3438           --   Gb  - Linker created -
SystemCoreClock         0x1000'17dc     0x4  Data  Gb  chip_18xx_43xx.o [4]
SystemCoreClockUpdate   0x1400'27e5     0xe  Code  Gb  chip_18xx_43xx.o [4]
SystemInit              0x1400'349d    0x1c  Code  Gb  sysinit.o [2]
TIMER1_IRQHandler       0x1400'2f0d    0x12  Code  Gb  timer.o [1]
UART_BClock             0x1400'3548     0x8  Data  Lc  uart_18xx_43xx.o [4]
UART_PClock             0x1400'3540     0x8  Data  Lc  uart_18xx_43xx.o [4]
_Close_all              0x1400'348f     0xc  Code  Gb  xcloseall.o [5]
_LitobFullNoMb          0x1400'0e59   0x10c  Code  Lc  xprintffull_nomb.o [5]
_PrintfFullNoMb         0x1400'0141   0xce8  Code  Gb  xprintffull_nomb.o [5]
_Prout                  0x1400'34ed    0x16  Code  Gb  xprout.o [5]
_PutcharFullNoMb        0x1400'0fbd    0x20  Code  Lc  xprintffull_nomb.o [5]
_PutcharsFullNoMb       0x1400'0fdd    0x2e  Code  Lc  xprintffull_nomb.o [5]
__Vectors               0x1400'0000           --   Gb  iar_startup_lpc18xx43xx.o [2]
__Vectors_End           0x1400'0114          Data  Gb  iar_startup_lpc18xx43xx.o [2]
__Vectors_Size {Abs}          0x114           --   Gb  iar_startup_lpc18xx43xx.o [2]
__aeabi_cdcmple         0x1400'127d          Code  Gb  DblCmpLe.o [6]
__aeabi_cdrcmple        0x1400'12b1          Code  Gb  DblCmpGe.o [6]
__aeabi_d2iz            0x1400'1421          Code  Gb  DblToS32.o [6]
__aeabi_d2uiz           0x1400'1915          Code  Gb  DblToU32.o [6]
__aeabi_ddiv            0x1400'16cd          Code  Gb  DblDiv.o [6]
__aeabi_dmul            0x1400'1955          Code  Gb  DblMul.o [6]
__aeabi_dsub            0x1400'15e9          Code  Gb  DblAddSub.o [6]
__aeabi_i2d             0x1400'1459          Code  Gb  S32ToDbl.o [6]
__aeabi_ldiv0           0x1400'1d39          Code  Gb  I64DivZer.o [7]
__aeabi_memcpy          0x1400'1165          Code  Gb  ABImemcpy.o [7]
__aeabi_memcpy4         0x1400'1185          Code  Gb  ABImemcpy.o [7]
__aeabi_memcpy8         0x1400'1185          Code  Gb  ABImemcpy.o [7]
__aeabi_memset          0x1400'25a1          Code  Gb  ABImemset.o [7]
__aeabi_ui2d            0x1400'1939          Code  Gb  U32ToDbl.o [6]
__aeabi_uldivmod        0x1400'1b01          Code  Gb  I64DivMod.o [7]
__cexit_closeall        0x1400'3483          Code  Gb  cexit.o [7]
__cmain                 0x1400'3459          Code  Gb  cmain.o [7]
__cstart_closeall       0x1400'3560          Data  Gb  cstart_closeall.o [7]
__dwrite                0x1400'315d    0x1e  Code  Gb  dwrite.o [8]
__exit                  0x1400'1d3d    0x14  Code  Gb  exit.o [8]
__iar_Fail_s            0x1400'1095    0x1c  Code  Gb  xfail_s.o [5]
__iar_Memchr            0x1400'110d          Code  Gb  memchr.o [7]
__iar_Memset            0x1400'25a1          Code  Gb  ABImemset.o [7]
__iar_Memset_word       0x1400'25a9          Code  Gb  ABImemset.o [7]
__iar_Strchr            0x1400'107d          Code  Gb  strchr.o [7]
__iar_close_ttio        0x1400'1d51    0x2c  Code  Gb  iarttio.o [8]
__iar_copy_init3        0x1400'1053    0x2a  Code  Gb  copy_init3.o [7]
__iar_data_init3        0x1400'33a5    0x28  Code  Gb  data_init.o [7]
__iar_frexp             0x1400'1219          Code  Gb  frexp.o [6]
__iar_frexpl            0x1400'1219          Code  Gb  frexp.o [6]
__iar_get_ttio          0x1400'1d7d    0x4c  Code  Gb  iarttio.o [8]
__iar_init_vfp          0x1400'33f1          Code  Gb  fpinit_M.o [6]
__iar_ldexp64           0x1400'12e5          Code  Gb  ldexp.o [6]
__iar_lookup_ttioh      0x1400'1dcd     0x8  Code  Gb  XShttio.o [5]
__iar_program_start     0x1400'34b9          Code  Gb  cstartup_M.o [7]
__iar_scalbln64         0x1400'12e5          Code  Gb  ldexp.o [6]
__iar_scalbn64          0x1400'12e5          Code  Gb  ldexp.o [6]
__iar_sh_stdout         0x1400'317b    0x20  Code  Gb  iarwstd.o [8]
__iar_sh_write          0x1400'319b    0x22  Code  Gb  iarwrite.o [8]
__iar_softfp___iar_frexp64
                        0x1400'120d          Code  Gb  frexp.o [6]
__iar_softfp_frexp      0x1400'120d          Code  Gb  frexp.o [6]
__iar_softfp_frexpl     0x1400'120d          Code  Gb  frexp.o [6]
__iar_ttio_handles      0x1000'0000     0x8  Data  Lc  XShttio.o [5]
__iar_zero_init3        0x1400'336d    0x38  Code  Gb  zero_init3.o [7]
__low_level_init        0x1400'3477     0x4  Code  Gb  low_level_init.o [5]
__vector_table          0x1400'0000          Data  Gb  iar_startup_lpc18xx43xx.o [2]
__vector_table_0x1c     0x1400'001c          Data  Gb  iar_startup_lpc18xx43xx.o [2]
__write_buffered        0x1400'3099    0xc4  Code  Gb  xxwritebuffered.o [5]
_call_main              0x1400'3465          Code  Gb  cmain.o [7]
_exit                   0x1400'3481          Code  Gb  cexit.o [7]
abort                   0x1400'1d31     0x6  Code  Gb  abort.o [5]
audio_usb_pll_freq      0x1000'17cc     0x8  Data  Lc  clock_18xx_43xx.o [4]
exit                    0x1400'347b     0x4  Code  Gb  exit.o [5]
fpuInit                 0x1400'32cd    0x58  Code  Gb  fpu_init.o [4]
gpioInit                0x1400'2c37    0x50  Code  Gb  gpio.o [1]
gpioReadP11             0x1400'2c87     0xe  Code  Gb  gpio.o [1]
initADC                 0x1400'2615    0xf0  Code  Gb  adc.o [1]
ldexp                   0x1400'12e5          Code  Gb  ldexp.o [6]
ldexpl                  0x1400'12e5          Code  Gb  ldexp.o [6]
main                    0x1400'31cb    0x64  Code  Gb  main.o [1]
memchr                  0x1400'110d          Code  Gb  memchr.o [7]
memset                  0x1400'258d    0x14  Code  Gb  memset.o [7]
periph_to_base          0x1400'3260    0x6c  Data  Lc  clock_18xx_43xx.o [4]
pinmuxing               0x1400'3558     0x4  Data  Lc  board_sysinit.o [3]
pll_calc_divs           0x1400'1ddf    0xb2  Code  Lc  clock_18xx_43xx.o [4]
pll_get_frac            0x1400'1e91   0x108  Code  Lc  clock_18xx_43xx.o [4]
printf                  0x1400'3239    0x28  Code  Gb  printf.o [5]
putchar                 0x1400'3439    0x20  Code  Gb  putchar.o [5]
sample                  0x1000'0008  0x1770  Data  Gb  adc.o [1]
scalbln                 0x1400'12e5          Code  Gb  ldexp.o [6]
scalblnl                0x1400'12e5          Code  Gb  ldexp.o [6]
scalbn                  0x1400'12e5          Code  Gb  ldexp.o [6]
scalbnl                 0x1400'12e5          Code  Gb  ldexp.o [6]
scale                   0x1400'0f65    0x46  Code  Lc  xprintffull_nomb.o [5]
sec_hand                0x1000'17e0     0x4  Data  Lc  xfail_s.o [5]
spifipinmuxing          0x1400'34d4    0x18  Data  Lc  board_sysinit.o [3]
startADC                0x1400'2705     0xa  Code  Gb  adc.o [1]
store                   0x1000'1778    0x50  Data  Lc  xxwritebuffered.o [5]
storeLen                0x1000'17c8     0x4  Data  Lc  xxwritebuffered.o [5]
strchr                  0x1400'107d          Code  Gb  strchr.o [7]
strlen                  0x1400'10d5          Code  Gb  strlen.o [7]
timerInterruptOccured   0x1000'17e4     0x1  Data  Lc  timer.o [1]
timerSetup              0x1400'2eb3    0x5a  Code  Gb  timer.o [1]
usbPLLSetup             0x1400'3504    0x14  Data  Lc  chip_18xx_43xx.o [4]


[1] = C:\Eliasson\Debug\Obj
[2] = C:\Eliasson\Debug\Obj\supportFiles
[3] = C:\Eliasson\Debug\Obj\supportFiles\board
[4] = C:\Eliasson\Debug\Obj\supportFiles\chip
[5] = dl7M_tln.a
[6] = m7M_tls.a
[7] = rt7M_tl.a
[8] = shb_l.a

  13'300 bytes of readonly  code memory
     328 bytes of readonly  data memory
  22'501 bytes of readwrite data memory

Errors: none
Warnings: none
