C:\workarea\GITHUB_REPOS\LPC4370Projects\lpc_chip_43xx\inc/scu_18xx_43xx.h:135:20:Chip_SCU_PinMuxSet	16	static
C:\workarea\GITHUB_REPOS\LPC4370Projects\lpc_chip_43xx\inc/scu_18xx_43xx.h:199:20:Chip_SCU_I2C0PinConfig	16	static
C:\workarea\GITHUB_REPOS\LPC4370Projects\lpc_chip_43xx\inc/scu_18xx_43xx.h:210:20:Chip_SCU_ADC_Channel_Config	16	static
C:\workarea\GITHUB_REPOS\LPC4370Projects\lpc_chip_43xx\inc/scu_18xx_43xx.h:219:20:Chip_SCU_DAC_Analog_Config	4	static
C:\workarea\GITHUB_REPOS\LPC4370Projects\lpc_chip_43xx\inc/gpio_18xx_43xx.h:95:20:Chip_GPIO_SetPinState	16	static
C:\workarea\GITHUB_REPOS\LPC4370Projects\lpc_chip_43xx\inc/gpio_18xx_43xx.h:121:20:Chip_GPIO_GetPinState	16	static
C:\workarea\GITHUB_REPOS\LPC4370Projects\lpc_chip_43xx\inc/gpio_18xx_43xx.h:154:20:Chip_GPIO_SetPinDIROutput	16	static
C:\workarea\GITHUB_REPOS\LPC4370Projects\lpc_chip_43xx\inc/uart_18xx_43xx.h:306:20:Chip_UART_TXEnable	16	static
C:\workarea\GITHUB_REPOS\LPC4370Projects\lpc_chip_43xx\inc/uart_18xx_43xx.h:329:20:Chip_UART_SendByte	16	static
C:\workarea\GITHUB_REPOS\LPC4370Projects\lpc_chip_43xx\inc/uart_18xx_43xx.h:342:23:Chip_UART_ReadByte	16	static
C:\workarea\GITHUB_REPOS\LPC4370Projects\lpc_chip_43xx\inc/uart_18xx_43xx.h:425:20:Chip_UART_ConfigData	16	static
C:\workarea\GITHUB_REPOS\LPC4370Projects\lpc_chip_43xx\inc/uart_18xx_43xx.h:512:24:Chip_UART_ReadLineStatus	16	static
c:\nxp\mcuxpressoide_11.6.1_8255\ide\plugins\com.nxp.mcuxpresso.tools.win32_11.6.1.202207200623\tools\redlib\include\sys\libconfig-arm.h:247:5:__sys_write	32	static
c:\nxp\mcuxpressoide_11.6.1_8255\ide\plugins\com.nxp.mcuxpresso.tools.win32_11.6.1.202207200623\tools\redlib\include\sys\libconfig-arm.h:241:5:__sys_readc	16	static
../src/board.c:65:6:Board_UART_Init	16	static
../src/board.c:81:6:Board_Debug_Init	8	static
../src/board.c:96:6:Board_UARTPutChar	16	static
../src/board.c:106:5:Board_UARTGetChar	8	static
../src/board.c:117:6:Board_UARTPutSTR	16	static
../src/board.c:127:13:Board_LED_Init	8	static
../src/board.c:135:6:Board_LED_Set	16	static
../src/board.c:144:6:Board_LED_Test	24	static
../src/board.c:154:6:Board_LED_Toggle	16	static
../src/board.c:162:6:Board_Init	8	static
../src/board.c:175:6:Board_ADC_Init	8	static
../src/board.c:182:6:Board_I2C_Init	16	static
../src/board.c:195:6:Board_SSP_Init	16	static
../src/board.c:215:6:Board_DAC_Init	16	static
../src/board.c:220:6:Board_Buttons_Init	4	static
../src/board.c:224:10:Buttons_GetStatus	16	static
../src/board.c:231:6:Board_Joystick_Init	4	static
../src/board.c:235:9:Joystick_GetStatus	4	static
